Error after morderisation:

System.Exception: Starting transaction when previous transaction not finished
   bei TextAdventures.Quest.UndoLogger.StartTransaction(String command) in D:\Sven\Quest\GitHub\quest\WorldModel\WorldModel\UndoLogger.cs:Zeile 88.
   bei TextAdventures.Quest.EditableScripts.Remove(Int32[] indexes) in D:\Sven\Quest\GitHub\quest\EditorController\EditableScripts.cs:Zeile 162.
   bei TextAdventures.Quest.EditorControls.ScriptEditorControl.ctlToolbar_Delete() in D:\Sven\Quest\GitHub\quest\EditorControls\ScriptEditorControl.xaml.cs:Zeile 475.
   bei TextAdventures.Quest.EditorControls.ScriptToolbar.cmdDelete_Click(Object sender, RoutedEventArgs e) in D:\Sven\Quest\GitHub\quest\EditorControls\ScriptToolbar.xaml.cs:Zeile 42.
   bei System.Windows.RoutedEventHandlerInfo.InvokeHandler(Object target, RoutedEventArgs routedEventArgs)
   bei System.Windows.EventRoute.InvokeHandlersImpl(Object source, RoutedEventArgs args, Boolean reRaised)
   bei System.Windows.UIElement.RaiseEventImpl(DependencyObject sender, RoutedEventArgs args)
   bei System.Windows.UIElement.RaiseEvent(RoutedEventArgs e)
   bei System.Windows.Controls.Primitives.ButtonBase.OnClick()
   bei System.Windows.Controls.Button.OnClick()
   bei System.Windows.Controls.Primitives.ButtonBase.OnMouseLeftButtonUp(MouseButtonEventArgs e)
   bei System.Windows.UIElement.OnMouseLeftButtonUpThunk(Object sender, MouseButtonEventArgs e)
   bei System.Windows.Input.MouseButtonEventArgs.InvokeEventHandler(Delegate genericHandler, Object genericTarget)
   bei System.Windows.RoutedEventArgs.InvokeHandler(Delegate handler, Object target)
   bei System.Windows.RoutedEventHandlerInfo.InvokeHandler(Object target, RoutedEventArgs routedEventArgs)
   bei System.Windows.EventRoute.InvokeHandlersImpl(Object source, RoutedEventArgs args, Boolean reRaised)
   bei System.Windows.UIElement.ReRaiseEventAs(DependencyObject sender, RoutedEventArgs args, RoutedEvent newEvent)
   bei System.Windows.UIElement.OnMouseUpThunk(Object sender, MouseButtonEventArgs e)
   bei System.Windows.Input.MouseButtonEventArgs.InvokeEventHandler(Delegate genericHandler, Object genericTarget)
   bei System.Windows.RoutedEventArgs.InvokeHandler(Delegate handler, Object target)
   bei System.Windows.RoutedEventHandlerInfo.InvokeHandler(Object target, RoutedEventArgs routedEventArgs)
   bei System.Windows.EventRoute.InvokeHandlersImpl(Object source, RoutedEventArgs args, Boolean reRaised)
   bei System.Windows.UIElement.RaiseEventImpl(DependencyObject sender, RoutedEventArgs args)
   bei System.Windows.UIElement.RaiseTrustedEvent(RoutedEventArgs args)
   bei System.Windows.UIElement.RaiseEvent(RoutedEventArgs args, Boolean trusted)
   bei System.Windows.Input.InputManager.ProcessStagingArea()
   bei System.Windows.Input.InputManager.ProcessInput(InputEventArgs input)
   bei System.Windows.Input.InputProviderSite.ReportInput(InputReport inputReport)
   bei System.Windows.Interop.HwndMouseInputProvider.ReportInput(IntPtr hwnd, InputMode mode, Int32 timestamp, RawMouseActions actions, Int32 x, Int32 y, Int32 wheel)
   bei System.Windows.Interop.HwndMouseInputProvider.FilterMessage(IntPtr hwnd, WindowMessage msg, IntPtr wParam, IntPtr lParam, Boolean& handled)
   bei System.Windows.Interop.HwndSource.InputFilterMessage(IntPtr hwnd, Int32 msg, IntPtr wParam, IntPtr lParam, Boolean& handled)
   bei MS.Win32.HwndWrapper.WndProc(IntPtr hwnd, Int32 msg, IntPtr wParam, IntPtr lParam, Boolean& handled)
   bei MS.Win32.HwndSubclass.DispatcherCallbackOperation(Object o)
   bei System.Windows.Threading.ExceptionWrapper.InternalRealCall(Delegate callback, Object args, Int32 numArgs)
   bei System.Windows.Threading.ExceptionWrapper.TryCatchWhen(Object source, Delegate callback, Object args, Int32 numArgs, Delegate catchHandler)